exports[`BusListHeader component renders correctly 1`] = `
<View
  style={
    Object {
      "backgroundColor": "#E9E9E9",
      "flexDirection": "row",
      "padding": 10,
    }
  }>
  <Text
    accessible={true}
    allowFontScaling={true}
    ellipsizeMode="tail"
    style={
      Array [
        Object {
          "fontFamily": "gotham-rounded-book",
        },
        Object {
          "flex": 1,
          "fontSize": 15,
        },
      ]
    }>
    Type
  </Text>
  <Text
    accessible={true}
    allowFontScaling={true}
    ellipsizeMode="tail"
    style={
      Array [
        Object {
          "fontFamily": "gotham-rounded-book",
        },
        Object {
          "flex": 1,
          "fontSize": 15,
        },
      ]
    }>
    Line
  </Text>
  <Text
    accessible={true}
    allowFontScaling={true}
    ellipsizeMode="tail"
    style={
      Array [
        Object {
          "fontFamily": "gotham-rounded-book",
        },
        Object {
          "flex": 3,
          "fontSize": 15,
        },
      ]
    }>
    Destination
  </Text>
  <Text
    accessible={true}
    allowFontScaling={true}
    ellipsizeMode="tail"
    style={
      Array [
        Object {
          "fontFamily": "gotham-rounded-book",
        },
        Object {
          "flex": 1,
          "fontSize": 15,
        },
      ]
    }>
    Leaves
  </Text>
</View>
`;
