exports[`SlideConfirmButton component renders correctly 1`] = `
<View
  accessibilityComponentType="button"
  accessibilityLabel="button"
  style={
    Object {
      "backgroundColor": "#DC0451",
      "height": 80,
      "width": undefined,
    }
  }>
  <View
    style={
      Object {
        "height": 80,
        "overflow": "hidden",
        "width": 500,
      }
    }>
    <View
      onMoveShouldSetResponder={[Function]}
      onMoveShouldSetResponderCapture={[Function]}
      onResponderEnd={[Function]}
      onResponderGrant={[Function]}
      onResponderMove={[Function]}
      onResponderReject={[Function]}
      onResponderRelease={[Function]}
      onResponderStart={[Function]}
      onResponderTerminate={[Function]}
      onResponderTerminationRequest={[Function]}
      onStartShouldSetResponder={[Function]}
      onStartShouldSetResponderCapture={[Function]}
      style={
        Object {
          "position": "relative",
        }
      }>
      <View
        style={
          Array [
            Object {
              "position": "absolute",
            },
            undefined,
            Object {
              "left": 0,
            },
          ]
        }>
        <View
          onLayout={[Function]}>
          <View
            style={
              Object {
                "height": 80,
                "width": 375,
              }
            }>
            <Text
              accessible={true}
              allowFontScaling={true}
              ellipsizeMode="tail"
              style={
                Array [
                  Object {
                    "fontFamily": "gotham-rounded-medium",
                  },
                  Object {
                    "color": "white",
                    "fontSize": 25,
                    "margin": 20,
                    "position": "absolute",
                    "textAlign": "center",
                  },
                ]
              }>
              button
            </Text>
          </View>
        </View>
      </View>
    </View>
  </View>
</View>
`;
