exports[`fetchDepartures actions should handle RECEIVE_DEPARTURES action 1`] = `
Array [
  Object {
    "latitude": 60.203978,
    "longitude": 24.9633573,
    "type": "REQUEST_DEPARTURES",
  },
  Object {
    "departures": Array [
      Object {
        "stop": Object {
          "schedule": Array [
            Object {
              "arrival": 7,
              "destination": "Rautatientori",
              "line": "55",
              "route_id": "HSL:1055",
              "trip_id": "HSL:1055_20161003_La_2_1412",
              "vehicle_type": 3,
            },
            Object {
              "arrival": 21,
              "destination": "Rautatientori",
              "line": "55",
              "route_id": "HSL:1055",
              "trip_id": "HSL:1055_20161003_La_2_1427",
              "vehicle_type": 3,
            },
          ],
          "stop_code": "3597",
          "stop_name": "A.I. Virtasen aukio",
        },
      },
    ],
    "type": "RECEIVE_DEPARTURES",
  },
]
`;
