exports[`fetchDepartures actions should handle RECEIVE_DEPARTURES action 1`] = `
Array [
  Object {
    "isFetching": true,
    "latitude": 60.203978,
    "longitude": 24.9633573,
    "type": "REQUEST_DEPARTURES",
  },
  Object {
    "error": true,
    "type": "REQUEST_ERROR",
  },
  Object {
    "error": true,
    "type": "REQUEST_ERROR",
  },
]
`;
